#-----------------------------------------------------------
# Vivado v2024.1 (64-bit)
# SW Build 5076996 on Wed May 22 18:37:14 MDT 2024
# IP Build 5075265 on Wed May 22 21:45:21 MDT 2024
# SharedData Build 5076995 on Wed May 22 18:29:18 MDT 2024
# Start of session at: Tue Jun 25 10:44:50 2024
# Process ID: 1144
# Current directory: C:/Users/Legion/Desktop/Quartus/VHDL/VHDL-Tutorials/FullAdder
# Command line: vivado.exe -gui_launcher_event rodinguilauncherevent7944 C:\Users\Legion\Desktop\Quartus\VHDL\VHDL-Tutorials\FullAdder\FullAdder.xpr
# Log file: C:/Users/Legion/Desktop/Quartus/VHDL/VHDL-Tutorials/FullAdder/vivado.log
# Journal file: C:/Users/Legion/Desktop/Quartus/VHDL/VHDL-Tutorials/FullAdder\vivado.jou
# Running On        :DESKTOP-SFGPEL6
# Platform          :Windows Server 2016 or Windows 10
# Operating System  :22631
# Processor Detail  :Intel(R) Core(TM) i7-9750H CPU @ 2.60GHz
# CPU Frequency     :2592 MHz
# CPU Physical cores:6
# CPU Logical cores :12
# Host memory       :17053 MB
# Swap memory       :2550 MB
# Total Virtual     :19603 MB
# Available Virtual :8516 MB
#-----------------------------------------------------------
start_gui
open_project C:/Users/Legion/Desktop/Quartus/VHDL/VHDL-Tutorials/FullAdder/FullAdder.xpr
update_compile_order -fileset sources_1
